// Jest Snapshot v1, https://goo.gl/fbAQLP

exports[`Form renders 1`] = `
<form
  onSubmit={[Function]}
>
  <div
    style={
      Object {
        "display": "flex",
        "flexDirection": "column",
        "marginBottom": "5px",
      }
    }
  >
    <label
      htmlFor="testFormText"
    >
      Text Field
    </label>
    <input
      aria-describedby="testFormTextDescription"
      id="testFormText"
      name="text"
      onBlur={[Function]}
      onChange={[Function]}
      type="text"
      value=""
    />
    
  </div>
  <div
    style={
      Object {
        "display": "flex",
        "flexDirection": "column",
        "marginBottom": "5px",
      }
    }
  >
    <label
      htmlFor="testFormTextArea"
    >
      Text Area Field
    </label>
    <textarea
      aria-describedby="testFormTextAreaDescription"
      id="testFormTextArea"
      name="textArea"
      onBlur={[Function]}
      onChange={[Function]}
      rows={6}
      value=""
    />
    
  </div>
  <div
    style={
      Object {
        "display": "flex",
        "flexDirection": "column",
        "marginBottom": "5px",
      }
    }
  >
    <label
      htmlFor="testFormSelect"
    >
      Select Field
    </label>
    <select
      aria-describedby="testFormSelectDescription"
      id="testFormSelect"
      name="select"
      onBlur={[Function]}
      onChange={[Function]}
      value="-placeholder-"
    >
      <option
        disabled={true}
        value="-placeholder-"
      >
        
      </option>
      <option
        value="option1"
      >
        Option 1
      </option>
      <option
        value="option2"
      >
        Option 2
      </option>
    </select>
    
  </div>
  <div
    style={
      Object {
        "display": "flex",
        "flexDirection": "column",
        "marginBottom": "5px",
      }
    }
  >
    <input
      aria-describedby="testFormCheckBoxDescription"
      id="testFormCheckBox"
      name="checkBox"
      onBlur={[Function]}
      onChange={[Function]}
      type="checkbox"
      value="false"
    />
    <label
      htmlFor="testFormCheckBox"
    >
      Checkbox Field
    </label>
    
  </div>
  <div
    style={
      Object {
        "display": "flex",
        "flexDirection": "column",
        "marginBottom": "5px",
      }
    }
  >
    <label
      htmlFor="testFormNumber"
    >
      Number Field
    </label>
    <input
      aria-describedby="testFormNumberDescription"
      id="testFormNumber"
      name="number"
      onBlur={[Function]}
      onChange={[Function]}
      type="number"
      value=""
    />
    
  </div>
  <button
    disabled={false}
    type="submit"
  >
    Submit
  </button>
</form>
`;
