// Jest Snapshot v1, https://goo.gl/fbAQLP

exports[`Form renders 1`] = `
<form
  onSubmit={[Function]}
>
  <div
    style={
      Object {
        "display": "flex",
        "flexDirection": "column",
        "marginBottom": "25px",
      }
    }
  >
    <label
      htmlFor="testFormText"
    >
      Text Field
    </label>
    <input
      aria-describedby="testFormTextDescription"
      disabled={false}
      id="testFormText"
      name="text"
      onBlur={[Function]}
      onChange={[Function]}
      style={
        Object {
          "borderColor": "#767676",
          "borderRadius": "3px",
          "borderStyle": "solid",
          "borderWidth": "1px",
          "marginBottom": "3px",
        }
      }
      type="text"
      value=""
    />
    
    
  </div>
  <div
    style={
      Object {
        "display": "flex",
        "flexDirection": "column",
        "marginBottom": "25px",
      }
    }
  >
    <label
      htmlFor="testFormTextArea"
    >
      Text Area Field
    </label>
    <textarea
      aria-describedby="testFormTextAreaDescription"
      disabled={false}
      id="testFormTextArea"
      name="textArea"
      onBlur={[Function]}
      onChange={[Function]}
      rows={6}
      style={
        Object {
          "borderColor": "#767676",
          "borderRadius": "3px",
          "borderStyle": "solid",
          "borderWidth": "1px",
          "marginBottom": "3px",
        }
      }
      value=""
    />
    
    
  </div>
  <div
    style={
      Object {
        "display": "flex",
        "flexDirection": "column",
        "marginBottom": "25px",
      }
    }
  >
    <label
      htmlFor="testFormSelect"
    >
      Select Field
    </label>
    <select
      aria-describedby="testFormSelectDescription"
      disabled={false}
      id="testFormSelect"
      name="select"
      onBlur={[Function]}
      onChange={[Function]}
      style={
        Object {
          "borderColor": "#767676",
          "borderRadius": "3px",
          "borderStyle": "solid",
          "borderWidth": "1px",
          "marginBottom": "3px",
        }
      }
      value=""
    >
      <option
        disabled={true}
        value=""
      >
        
      </option>
      <option
        value="option1"
      >
        Option 1
      </option>
      <option
        value="option2"
      >
        Option 2
      </option>
    </select>
    
    
  </div>
  <div
    style={
      Object {
        "display": "flex",
        "flexDirection": "column",
        "marginBottom": "25px",
      }
    }
  >
    <div
      style={
        Object {
          "alignItems": "center",
          "display": "flex",
        }
      }
    >
      <input
        aria-describedby="testFormCheckDescription"
        disabled={false}
        id="testFormCheck"
        name="check"
        onBlur={[Function]}
        onChange={[Function]}
        style={
          Object {
            "borderColor": "#767676",
            "borderRadius": "3px",
            "borderStyle": "solid",
            "borderWidth": "1px",
            "marginBottom": "3px",
            "marginRight": "10px",
          }
        }
        type="checkbox"
        value="false"
      />
      <label
        htmlFor="testFormCheck"
      >
        Check Field
      </label>
    </div>
    
    
  </div>
  <div
    style={
      Object {
        "display": "flex",
        "flexDirection": "column",
        "marginBottom": "25px",
      }
    }
  >
    <label
      htmlFor="testFormNumber"
    >
      Number Field
    </label>
    <input
      aria-describedby="testFormNumberDescription"
      disabled={false}
      id="testFormNumber"
      name="number"
      onBlur={[Function]}
      onChange={[Function]}
      style={
        Object {
          "borderColor": "#767676",
          "borderRadius": "3px",
          "borderStyle": "solid",
          "borderWidth": "1px",
          "marginBottom": "3px",
        }
      }
      type="number"
      value=""
    />
    
    
  </div>
  <button
    disabled={false}
    type="submit"
  >
    Submit
  </button>
</form>
`;
