// Jest Snapshot v1, https://goo.gl/fbAQLP

exports[`useRecaptcha doesn't render without config 1`] = `null`;

exports[`useRecaptcha renders 1`] = `<div />`;
